C:\BRproject\Ag-Rover-main (1)\Ag-Rover-main\Temp\Includes\AS_TempDecl\Config1\GlobalComponents\McElements.var
C:\BRproject\Ag-Rover-main (1)\Ag-Rover-main\Temp\Includes\AS_TempDecl\Config1\GlobalComponents\MpComponents.var
C:\BRproject\Ag-Rover-main (1)\Ag-Rover-main\Logical\Global.typ
C:\BRproject\Ag-Rover-main (1)\Ag-Rover-main\Logical\Global.var
C:\BRproject\Ag-Rover-main (1)\Ag-Rover-main\Logical\Libraries\operator\operator.fun
C:\BRproject\Ag-Rover-main (1)\Ag-Rover-main\Logical\Libraries\operator\operator.typ
C:\BRproject\Ag-Rover-main (1)\Ag-Rover-main\Logical\Libraries\operator\operator.var
C:\BRproject\Ag-Rover-main (1)\Ag-Rover-main\Logical\Libraries\runtime\runtime.fun
C:\BRproject\Ag-Rover-main (1)\Ag-Rover-main\Logical\Libraries\runtime\runtime.typ
C:\BRproject\Ag-Rover-main (1)\Ag-Rover-main\Logical\Libraries\runtime\runtime.var
C:\BRproject\Ag-Rover-main (1)\Ag-Rover-main\Logical\Libraries\astime\astime.fun
C:\BRproject\Ag-Rover-main (1)\Ag-Rover-main\Logical\Libraries\astime\astime.typ
C:\BRproject\Ag-Rover-main (1)\Ag-Rover-main\Logical\Libraries\astime\astime.var
C:\BRproject\Ag-Rover-main (1)\Ag-Rover-main\Logical\Libraries\AsIecCon\AsIecCon.fun
C:\BRproject\Ag-Rover-main (1)\Ag-Rover-main\Logical\Libraries\AsIecCon\AsIecCon.typ
C:\BRproject\Ag-Rover-main (1)\Ag-Rover-main\Logical\Libraries\AsIecCon\AsIecCon.var
C:\BRproject\Ag-Rover-main (1)\Ag-Rover-main\Logical\Libraries\McBase\McBase.typ
C:\BRproject\Ag-Rover-main (1)\Ag-Rover-main\Logical\Libraries\McBase\McBase.fun
C:\BRproject\Ag-Rover-main (1)\Ag-Rover-main\Logical\Libraries\McBase\McBase.var
C:\BRproject\Ag-Rover-main (1)\Ag-Rover-main\Logical\Libraries\McBase\McBaseCfg.typ
C:\BRproject\Ag-Rover-main (1)\Ag-Rover-main\Logical\Libraries\MpAxis\MpAxis.fun
C:\BRproject\Ag-Rover-main (1)\Ag-Rover-main\Logical\Libraries\MpAxis\MpAxis.typ
C:\BRproject\Ag-Rover-main (1)\Ag-Rover-main\Logical\Libraries\MpAxis\MpAxisError.typ
C:\BRproject\Ag-Rover-main (1)\Ag-Rover-main\Logical\Libraries\McAxis\McAxis.typ
C:\BRproject\Ag-Rover-main (1)\Ag-Rover-main\Logical\Libraries\McAxis\McAxis.fun
C:\BRproject\Ag-Rover-main (1)\Ag-Rover-main\Logical\Libraries\McAxis\McAxis.var
C:\BRproject\Ag-Rover-main (1)\Ag-Rover-main\Logical\Libraries\McAxis\McAxisCfg.typ
C:\BRproject\Ag-Rover-main (1)\Ag-Rover-main\Logical\Libraries\MpBase\MpBase.var
C:\BRproject\Ag-Rover-main (1)\Ag-Rover-main\Logical\Libraries\MpBase\MpBase.typ
C:\BRproject\Ag-Rover-main (1)\Ag-Rover-main\Logical\Libraries\MpBase\MpBase.fun
C:\BRproject\Ag-Rover-main (1)\Ag-Rover-main\Logical\Libraries\McAcpAx\McAcpAx.typ
C:\BRproject\Ag-Rover-main (1)\Ag-Rover-main\Logical\Libraries\McAcpAx\McAcpAx.fun
C:\BRproject\Ag-Rover-main (1)\Ag-Rover-main\Logical\Libraries\McAcpAx\McAcpAx.var
C:\BRproject\Ag-Rover-main (1)\Ag-Rover-main\Logical\Libraries\McAcpAx\McAcpAxCfg.typ
C:\BRproject\Ag-Rover-main (1)\Ag-Rover-main\Logical\Libraries\standard\standard.fun
C:\BRproject\Ag-Rover-main (1)\Ag-Rover-main\Logical\Libraries\standard\standard.typ
C:\BRproject\Ag-Rover-main (1)\Ag-Rover-main\Logical\Libraries\standard\standard.var
C:\BRproject\Ag-Rover-main (1)\Ag-Rover-main\Logical\Libraries\MpAlarmX\MpAlarmX.typ
C:\BRproject\Ag-Rover-main (1)\Ag-Rover-main\Logical\Libraries\MpAlarmX\MpAlarmXError.typ
C:\BRproject\Ag-Rover-main (1)\Ag-Rover-main\Logical\Libraries\MpAlarmX\MpAlarmX.fun
C:\BRproject\Ag-Rover-main (1)\Ag-Rover-main\Logical\Libraries\MpServer\Constants.var
C:\BRproject\Ag-Rover-main (1)\Ag-Rover-main\Logical\Libraries\MpServer\Types.typ
C:\BRproject\Ag-Rover-main (1)\Ag-Rover-main\Logical\Libraries\MpServer\MpServer.fun
C:\BRproject\Ag-Rover-main (1)\Ag-Rover-main\Logical\Libraries\MpRecipe\MpRecipe.typ
C:\BRproject\Ag-Rover-main (1)\Ag-Rover-main\Logical\Libraries\MpRecipe\MpRecipeAlarm.typ
C:\BRproject\Ag-Rover-main (1)\Ag-Rover-main\Logical\Libraries\MpRecipe\MpRecipeError.typ
C:\BRproject\Ag-Rover-main (1)\Ag-Rover-main\Logical\Libraries\MpRecipe\MpRecipe.fun
C:\BRproject\Ag-Rover-main (1)\Ag-Rover-main\Logical\Libraries\sys_lib\sys_lib.fun
C:\BRproject\Ag-Rover-main (1)\Ag-Rover-main\Logical\Libraries\sys_lib\sys_lib.typ
C:\BRproject\Ag-Rover-main (1)\Ag-Rover-main\Logical\Libraries\sys_lib\sys_lib.var
